[
    {
        "Id": "sha256:fb4cd12c85ee03686f6af5362a0b0d56d50c58a04632e6c0fb8363f609372293",
        "RepoTags": [
            "node:20-alpine"
        ],
        "RepoDigests": [
            "node@sha256:fb4cd12c85ee03686f6af5362a0b0d56d50c58a04632e6c0fb8363f609372293"
        ],
        "Comment": "buildkit.dockerfile.v0",
        "Created": "2026-04-15T20:46:50.697160849Z",
        "Config": {
            "Env": [
                "PATH=/usr/local/sbin:/usr/local/bin:/usr/sbin:/usr/bin:/sbin:/bin",
                "NODE_VERSION=20.20.2",
                "YARN_VERSION=1.22.22"
            ],
            "Entrypoint": [
                "docker-entrypoint.sh"
            ],
            "Cmd": [
                "node"
            ],
            "WorkingDir": "/"
        },
        "Architecture": "amd64",
        "Os": "linux",
        "Size": 48372061,
        "RootFS": {
            "Type": "layers",
            "Layers": [
                "sha256:29df493baa13de438d6d2ece3a8333032e0b7b9b9d8cce4ee82194da255f61e1",
                "sha256:4983b93ee7967564f02cbf6162b75010ce557404a539fba05ee19a0eae01acbc",
                "sha256:e10358715ead9b47009dd04bcd77ac1c8e247f7249ab06517ff913c473a8e38e",
                "sha256:afa543f85b4685a84338df3e2c429edca49bb372b0f49e0c5cc9724c820ad094"
            ]
        },
        "Metadata": {
            "LastTagTime": "2026-07-08T14:36:14.822962481Z"
        },
        "Descriptor": {
            "mediaType": "application/vnd.oci.image.index.v1+json",
            "digest": "sha256:fb4cd12c85ee03686f6af5362a0b0d56d50c58a04632e6c0fb8363f609372293",
            "size": 7665
        },
        "Identity": {
            "Pull": [
                {
                    "Repository": "docker.io/library/node"
                }
            ]
        }
    }
]
v20.20.2
