[dashboard] lobsterai-team dashboard listening on http://127.0.0.1:8080
[dashboard] PID 4412 (pidfile: H:\software-dev-Lob\lobsterai-team\dashboard\dashboard.pid)
[dashboard] logs dir: H:\software-dev-Lob\lobsterai-team\logs
[dashboard] open in browser: http://127.0.0.1:8080/
----------------------------------------
Exception occurred during processing of request from ('127.0.0.1', 14389)
Traceback (most recent call last):
  File "C:\Users\Administrator\AppData\Local\Programs\Python\Python310\lib\socketserver.py", line 683, in process_request_thread
    self.finish_request(request, client_address)
  File "C:\Users\Administrator\AppData\Local\Programs\Python\Python310\lib\socketserver.py", line 360, in finish_request
    self.RequestHandlerClass(request, client_address, self)
  File "C:\Users\Administrator\AppData\Local\Programs\Python\Python310\lib\socketserver.py", line 747, in __init__
    self.handle()
  File "C:\Users\Administrator\AppData\Local\Programs\Python\Python310\lib\http\server.py", line 435, in handle
    self.handle_one_request()
  File "C:\Users\Administrator\AppData\Local\Programs\Python\Python310\lib\http\server.py", line 401, in handle_one_request
    self.raw_requestline = self.rfile.readline(65537)
  File "C:\Users\Administrator\AppData\Local\Programs\Python\Python310\lib\socket.py", line 705, in readinto
    return self._sock.recv_into(b)
ConnectionAbortedError: [WinError 10053] 你的主机中的软件中止了一个已建立的连接。
----------------------------------------
