[
    {
        "Id": "sha256:6d43704baacd1bfbe7c295d7f13079d5d8104ed33568873133f8fc69980419df",
        "RepoTags": [
            "python:3.12-alpine"
        ],
        "RepoDigests": [
            "python@sha256:6d43704baacd1bfbe7c295d7f13079d5d8104ed33568873133f8fc69980419df"
        ],
        "Comment": "buildkit.dockerfile.v0",
        "Created": "2026-06-16T00:25:27.486153657Z",
        "Config": {
            "Env": [
                "PATH=/usr/local/bin:/usr/local/sbin:/usr/local/bin:/usr/sbin:/usr/bin:/sbin:/bin",
                "LANG=C.UTF-8",
                "GPG_KEY=7169605F62C751356D054A26A821E680E5FA6305",
                "PYTHON_VERSION=3.12.13",
                "PYTHON_SHA256=c08bc65a81971c1dd5783182826503369466c7e67374d1646519adf05207b684"
            ],
            "Cmd": [
                "python3"
            ],
            "WorkingDir": "/"
        },
        "Architecture": "amd64",
        "Os": "linux",
        "Size": 18035787,
        "RootFS": {
            "Type": "layers",
            "Layers": [
                "sha256:34884abbe92863fce933ed7c39c0e045631af0ed86d5cc0dfbdf9fdca426ce3c",
                "sha256:c83582aeaa36eca050f912d75169d201e89677463d58c2ce5a04dd2a562c46ab",
                "sha256:e93d90c70bdffabd4d86fb87571951f5372d4a403138d03305e6eef4fa8be229",
                "sha256:8e5e9a87b99a1854e8092efc0af2e6705f903feee92924e884fe710add465b9d"
            ]
        },
        "Metadata": {
            "LastTagTime": "2026-07-08T15:25:42.5511324Z"
        },
        "Descriptor": {
            "mediaType": "application/vnd.oci.image.index.v1+json",
            "digest": "sha256:6d43704baacd1bfbe7c295d7f13079d5d8104ed33568873133f8fc69980419df",
            "size": 10301
        },
        "Identity": {
            "Pull": [
                {
                    "Repository": "docker.io/library/python"
                }
            ]
        }
    }
]
3.0.3
