[
    {
        "Id": "sha256:b697a78b548a13c06fc8b728dd67530ad2cb964e113c8b20dec7bd213429dd61",
        "RepoTags": [
            "lobsterai-team-data:latest"
        ],
        "RepoDigests": [
            "lobsterai-team-data@sha256:b697a78b548a13c06fc8b728dd67530ad2cb964e113c8b20dec7bd213429dd61"
        ],
        "Comment": "buildkit.dockerfile.v0",
        "Created": "2026-07-08T14:25:43.5208364Z",
        "Config": {
            "User": "appuser",
            "Env": [
                "PATH=/usr/local/bin:/usr/local/sbin:/usr/local/bin:/usr/sbin:/usr/bin:/sbin:/bin",
                "LANG=C.UTF-8",
                "GPG_KEY=7169605F62C751356D054A26A821E680E5FA6305",
                "PYTHON_VERSION=3.12.13",
                "PYTHON_SHA256=c08bc65a81971c1dd5783182826503369466c7e67374d1646519adf05207b684"
            ],
            "Cmd": [
                "/bin/sh"
            ],
            "WorkingDir": "/workspace",
            "Labels": {
                "org.opencontainers.image.authors": "lobsterai-team",
                "org.opencontainers.image.description": "Data engineer role sandbox image for lobsterai-team (pandas, sqlalchemy, duckdb)",
                "org.opencontainers.image.documentation": "file:///H:/software-dev-Lob/lobsterai-team/skills/lobster-data/SKILL.md",
                "org.opencontainers.image.licenses": "MIT",
                "org.opencontainers.image.source": "https://github.com/lobsterai-team/lobsterai-team",
                "org.opencontainers.image.title": "lobsterai-team-data",
                "org.opencontainers.image.version": "1.0.0"
            },
            "ArgsEscaped": true,
            "Healthcheck": {
                "Test": [
                    "CMD-SHELL",
                    "python3 -c \"import pandas, duckdb, jsonschema; print('OK')\" || exit 1"
                ],
                "Interval": 60000000000,
                "Timeout": 5000000000,
                "Retries": 2
            }
        },
        "Architecture": "amd64",
        "Os": "linux",
        "Size": 110110202,
        "RootFS": {
            "Type": "layers",
            "Layers": [
                "sha256:34884abbe92863fce933ed7c39c0e045631af0ed86d5cc0dfbdf9fdca426ce3c",
                "sha256:c83582aeaa36eca050f912d75169d201e89677463d58c2ce5a04dd2a562c46ab",
                "sha256:e93d90c70bdffabd4d86fb87571951f5372d4a403138d03305e6eef4fa8be229",
                "sha256:8e5e9a87b99a1854e8092efc0af2e6705f903feee92924e884fe710add465b9d",
                "sha256:73c6d0106e0c2eb1a3cbe2e8f3cf9ffeef9c9850c5dbfb92be645a3dc0f320ee",
                "sha256:5941049bc1e5a05408c1b49aa9cc70c88cbd59eb94da3e5ed3612f3d049ebfbd",
                "sha256:57523bc9f63e945bd64d7b69781c78b01ac679a2713dc629d999d827a8554131",
                "sha256:016cb80e8090f3c071e23e0425658fc3d7003975526cb74766899e6698a41739",
                "sha256:5f70bf18a086007016e948b04aed3b82103a36bea41755b6cddfaf10ace3c6ef",
                "sha256:5f70bf18a086007016e948b04aed3b82103a36bea41755b6cddfaf10ace3c6ef"
            ]
        },
        "Metadata": {
            "LastTagTime": "2026-07-08T14:25:44.0294225Z"
        },
        "Descriptor": {
            "mediaType": "application/vnd.oci.image.index.v1+json",
            "digest": "sha256:b697a78b548a13c06fc8b728dd67530ad2cb964e113c8b20dec7bd213429dd61",
            "size": 856
        },
        "Identity": {
            "Build": [
                {
                    "Ref": "n4oiqogrpnljz4o3ydn2o0wzd",
                    "CreatedAt": "2026-07-08T14:25:44.1471708Z"
                }
            ]
        }
    }
]
Traceback (most recent call last):
  File "<string>", line 16, in <module>
  File "/usr/local/lib/python3.12/site-packages/jsonschema/validators.py", line 1332, in validate
    raise error
jsonschema.exceptions.ValidationError: ['MySQL', 'MongoDB'] is not of type 'string'

Failed validating 'type' in schema['properties']['tech_decisions']['items']['properties']['alternatives']:
    {'type': 'string',
     'description': "Other options considered, e.g., ['MySQL', 'MongoDB']",
     'minItems': 1}

On instance['tech_decisions'][0]['alternatives']:
    ['MySQL', 'MongoDB']
