[
    {
        "Id": "sha256:6d43704baacd1bfbe7c295d7f13079d5d8104ed33568873133f8fc69980419df",
        "RepoTags": [
            "python:3.12-alpine"
        ],
        "RepoDigests": [
            "python@sha256:6d43704baacd1bfbe7c295d7f13079d5d8104ed33568873133f8fc69980419df"
        ],
        "Comment": "buildkit.dockerfile.v0",
        "Created": "2026-06-16T00:25:27.486153657Z",
        "Config": {
            "Env": [
                "PATH=/usr/local/bin:/usr/local/sbin:/usr/local/bin:/usr/sbin:/usr/bin:/sbin:/bin",
                "LANG=C.UTF-8",
                "GPG_KEY=7169605F62C751356D054A26A821E680E5FA6305",
                "PYTHON_VERSION=3.12.13",
                "PYTHON_SHA256=c08bc65a81971c1dd5783182826503369466c7e67374d1646519adf05207b684"
            ],
            "Cmd": [
                "python3"
            ],
            "WorkingDir": "/"
        },
        "Architecture": "amd64",
        "Os": "linux",
        "Size": 18035787,
        "RootFS": {
            "Type": "layers",
            "Layers": [
                "sha256:34884abbe92863fce933ed7c39c0e045631af0ed86d5cc0dfbdf9fdca426ce3c",
                "sha256:c83582aeaa36eca050f912d75169d201e89677463d58c2ce5a04dd2a562c46ab",
                "sha256:e93d90c70bdffabd4d86fb87571951f5372d4a403138d03305e6eef4fa8be229",
                "sha256:8e5e9a87b99a1854e8092efc0af2e6705f903feee92924e884fe710add465b9d"
            ]
        },
        "Metadata": {
            "LastTagTime": "2026-07-08T14:36:08.131220819Z"
        },
        "Descriptor": {
            "mediaType": "application/vnd.oci.image.index.v1+json",
            "digest": "sha256:6d43704baacd1bfbe7c295d7f13079d5d8104ed33568873133f8fc69980419df",
            "size": 10301
        },
        "Identity": {
            "Pull": [
                {
                    "Repository": "docker.io/library/python"
                }
            ]
        }
    }
]
Collecting pandas
  Downloading pandas-3.0.3-cp312-cp312-musllinux_1_2_x86_64.whl.metadata (79 kB)
Collecting duckdb
  Downloading duckdb-1.5.4.tar.gz (18.0 MB)
     ━━━━━━━━━━━━━━━━━━━━━━━━━━━━━━━━━━━━━━━━ 18.0/18.0 MB 2.7 MB/s eta 0:00:00
  Installing build dependencies: started
  Installing build dependencies: finished with status 'done'
  Getting requirements to build wheel: started
  Getting requirements to build wheel: finished with status 'done'
  Installing backend dependencies: started
  Installing backend dependencies: finished with status 'done'
  Preparing metadata (pyproject.toml): started
  Preparing metadata (pyproject.toml): finished with status 'error'
  error: subprocess-exited-with-error
  
  × Preparing metadata (pyproject.toml) did not run successfully.
  │ exit code: 1
  ╰─> [21 lines of output]
      Traceback (most recent call last):
        File "/usr/local/lib/python3.12/site-packages/pip/_vendor/pyproject_hooks/_in_process/_in_process.py", line 389, in <module>
          main()
        File "/usr/local/lib/python3.12/site-packages/pip/_vendor/pyproject_hooks/_in_process/_in_process.py", line 373, in main
          json_out["return_val"] = hook(**hook_input["kwargs"])
                                   ^^^^^^^^^^^^^^^^^^^^^^^^^^^^
        File "/usr/local/lib/python3.12/site-packages/pip/_vendor/pyproject_hooks/_in_process/_in_process.py", line 175, in prepare_metadata_for_build_wheel
          return hook(metadata_directory, config_settings)
                 ^^^^^^^^^^^^^^^^^^^^^^^^^^^^^^^^^^^^^^^^^
        File "/tmp/pip-build-env-qlmf3aux/overlay/lib/python3.12/site-packages/scikit_build_core/build/__init__.py", line 102, in prepare_metadata_for_build_wheel
          return _build_wheel_impl(
                 ^^^^^^^^^^^^^^^^^^
        File "/tmp/pip-build-env-qlmf3aux/overlay/lib/python3.12/site-packages/scikit_build_core/build/wheel.py", line 267, in _build_wheel_impl
          return _build_wheel_impl_impl(
                 ^^^^^^^^^^^^^^^^^^^^^^^
        File "/tmp/pip-build-env-qlmf3aux/overlay/lib/python3.12/site-packages/scikit_build_core/build/wheel.py", line 341, in _build_wheel_impl_impl
          cmake = CMake.default_search(version=settings.cmake.version, env=os.environ)
                  ^^^^^^^^^^^^^^^^^^^^^^^^^^^^^^^^^^^^^^^^^^^^^^^^^^^^^^^^^^^^^^^^^^^^
        File "/tmp/pip-build-env-qlmf3aux/overlay/lib/python3.12/site-packages/scikit_build_core/cmake.py", line 90, in default_search
          raise CMakeNotFoundError(msg)
      scikit_build_core.errors.CMakeNotFoundError: Could not find CMake with version >=3.29.0
      [end of output]
  
  note: This error originates from a subprocess, and is likely not a problem with pip.

[notice] A new release of pip is available: 25.0.1 -> 26.1.2
[notice] To update, run: pip install --upgrade pip
error: metadata-generation-failed

× Encountered error while generating package metadata.
╰─> See above for output.

note: This is an issue with the package mentioned above, not pip.
hint: See above for details.
