[
    {
        "Id": "sha256:28bd5fe8b56d1bd048e5babf5b10710ebe0bae67db86916198a6eec434943f8b",
        "RepoTags": [
            "alpine:latest"
        ],
        "RepoDigests": [
            "alpine@sha256:28bd5fe8b56d1bd048e5babf5b10710ebe0bae67db86916198a6eec434943f8b"
        ],
        "Comment": "buildkit.dockerfile.v0",
        "Created": "2026-06-16T00:01:29.967161902Z",
        "Config": {
            "Env": [
                "PATH=/usr/local/sbin:/usr/local/bin:/usr/sbin:/usr/bin:/sbin:/bin"
            ],
            "Cmd": [
                "/bin/sh"
            ],
            "WorkingDir": "/"
        },
        "Architecture": "amd64",
        "Os": "linux",
        "Size": 3857242,
        "RootFS": {
            "Type": "layers",
            "Layers": [
                "sha256:34884abbe92863fce933ed7c39c0e045631af0ed86d5cc0dfbdf9fdca426ce3c"
            ]
        },
        "Metadata": {
            "LastTagTime": "2026-07-08T14:36:22.367850881Z"
        },
        "Descriptor": {
            "mediaType": "application/vnd.oci.image.index.v1+json",
            "digest": "sha256:28bd5fe8b56d1bd048e5babf5b10710ebe0bae67db86916198a6eec434943f8b",
            "size": 9218
        },
        "Identity": {
            "Pull": [
                {
                    "Repository": "docker.io/library/alpine"
                }
            ]
        }
    }
]
/etc/alpine-release': line 0: syntax error: unterminated quoted string
